
mykolakulinich@MacBook-Pro-Mykola zoola-project % git checkout test-conflicts-side-a                                     
Already on 'test-conflicts-side-a'
Your branch is ahead of 'origin/test-conflicts-side-a' by 2 commits.
  (use "git push" to publish your local commits)
mykolakulinich@MacBook-Pro-Mykola zoola-project % nano credentials.txt                                                   
mykolakulinich@MacBook-Pro-Mykola zoola-project % git merge test-conflicts-side-b   
Already up to date.
mykolakulinich@MacBook-Pro-Mykola zoola-project % nano credentials.txt              
mykolakulinich@MacBook-Pro-Mykola zoola-project % git add .           
mykolakulinich@MacBook-Pro-Mykola zoola-project % git commit -m "Change name to Mykolaychikk" 
[test-conflicts-side-a bfb1675] Change name to Mykolaychikk
 1 file changed, 1 insertion(+), 1 deletion(-)
mykolakulinich@MacBook-Pro-Mykola zoola-project % git merge test-conflicts-side-b             
Already up to date.
mykolakulinich@MacBook-Pro-Mykola zoola-project % git push                                    
Enumerating objects: 8, done.
Counting objects: 100% (8/8), done.
Delta compression using up to 16 threads
Compressing objects: 100% (3/3), done.
Writing objects: 100% (4/4), 549 bytes | 549.00 KiB/s, done.
Total 4 (delta 0), reused 0 (delta 0), pack-reused 0
To github.com:NicolasKul/zoola-project.git
   b65283f..bfb1675  test-conflicts-side-a -> test-conflicts-side-a
mykolakulinich@MacBook-Pro-Mykola zoola-project % git merge test-conflicts-side-b
Already up to date.
mykolakulinich@MacBook-Pro-Mykola zoola-project % nano credentials.txt                        
mykolakulinich@MacBook-Pro-Mykola zoola-project % git checkout test-conflicts-side-b          
Switched to branch 'test-conflicts-side-b'
Your branch is up to date with 'origin/test-conflicts-side-b'.
mykolakulinich@MacBook-Pro-Mykola zoola-project % nano credentials.txt                        
mykolakulinich@MacBook-Pro-Mykola zoola-project % git add .
mykolakulinich@MacBook-Pro-Mykola zoola-project % git commit -m "Change name to Nickolaychikk" 
[test-conflicts-side-b 0097ef2] Change name to Nickolaychikk
 1 file changed, 1 insertion(+), 1 deletion(-)
mykolakulinich@MacBook-Pro-Mykola zoola-project % git merge test-conflicts-side-a              
Auto-merging credentials.txt
CONFLICT (content): Merge conflict in credentials.txt
Automatic merge failed; fix conflicts and then commit the result.
mykolakulinich@MacBook-Pro-Mykola zoola-project % git diff                                     
diff --cc credentials.txt
index deadcd0,b480e86..0000000
--- a/credentials.txt
+++ b/credentials.txt
@@@ -1,3 -1,3 +1,7 @@@
++<<<<<<< HEAD
 +name: Nicolaichikk
++=======
+ name: Mykolaychik
++>>>>>>> test-conflicts-side-a
  surname: Kulinich
  
mykolakulinich@MacBook-Pro-Mykola zoola-project % nano credentials.txt                         
mykolakulinich@MacBook-Pro-Mykola zoola-project % git add .                                    
mykolakulinich@MacBook-Pro-Mykola zoola-project % git commit -m "Resolved conflict, accept remote changes from *-b branch"
[test-conflicts-side-b 52436c2] Resolved conflict, accept remote changes from *-b branch
mykolakulinich@MacBook-Pro-Mykola zoola-project % git merge test-conflicts-side-a                                         
Already up to date.
